Starting Norne output splitting (train set)...
Job ID: 4475264
Node: eos0154
Memory: 262144 MB
Wed Jan 14 15:28:33 PST 2026
============================================================
Norne Dataset Output Splitter
============================================================
Input directory:  /lustre/fsw/coreai_climate_earth2/wdyab/physicsnemo_data/norne
Output directory: /lustre/fsw/coreai_climate_earth2/wdyab/physicsnemo_data/norne
Channels to extract: ['pressure', 'swat', 'sgas']
Modes to process: ['train']
Memory efficient: True

Processing train set...
  Loading: /lustre/fsw/coreai_climate_earth2/wdyab/physicsnemo_data/norne/norne_train_u.pt
  Processing channel 0: pressure...
  Original shape: torch.Size([400, 46, 112, 22, 65, 3])
  dtype: torch.float32
  Created: norne_train_pressure.pt | shape: torch.Size([400, 46, 112, 22, 65, 1]) | 11241.7 MB
  Processing channel 1: swat...
  Created: norne_train_swat.pt | shape: torch.Size([400, 46, 112, 22, 65, 1]) | 11241.7 MB
  Processing channel 2: sgas...
  Created: norne_train_sgas.pt | shape: torch.Size([400, 46, 112, 22, 65, 1]) | 11241.7 MB

Creating metadata files...
  Created: metadata_pressure.json
  Created: metadata_swat.json
  Created: metadata_sgas.json

Creating per-channel statistics...
  Created: statistics_pressure.json
    PRESSURE: mean=3.7009, std=42.3320
  Created: statistics_swat.json
    SWAT: mean=0.0046, std=0.0675
  Created: statistics_sgas.json
    SGAS: mean=0.0046, std=0.0675

============================================================
Done! Created files:
============================================================

  PRESSURE model files:
    - norne_train_pressure.pt
    - norne_val_pressure.pt
    - norne_test_pressure.pt
    - metadata_pressure.json
    - statistics_pressure.json

  SWAT model files:
    - norne_train_swat.pt
    - norne_val_swat.pt
    - norne_test_swat.pt
    - metadata_swat.json
    - statistics_swat.json

  SGAS model files:
    - norne_train_sgas.pt
    - norne_val_sgas.pt
    - norne_test_sgas.pt
    - metadata_sgas.json
    - statistics_sgas.json

  To train a model for a specific variable, use:
    output_file='norne_{mode}_pressure.pt'  # for PRESSURE
    output_file='norne_{mode}_swat.pt'      # for SWAT
    output_file='norne_{mode}_sgas.pt'      # for SGAS
Done!
Wed Jan 14 15:30:22 PST 2026
